
> cusersom-sawarkardesktopportfolio-vite-temp@0.0.0 build
> vite build

[36mvite v8.0.0 [32mbuilding client environment for production...[36m[39m
[2K
transforming...Γ£ô 443 modules transformed.
rendering chunks...
computing gzip size...
dist/index.html                     1.00 kB Γöé gzip:   0.54 kB
dist/assets/index-BBYLtC4d.css     25.06 kB Γöé gzip:   5.81 kB
dist/assets/index-BQGFQP43.js   1,229.43 kB Γöé gzip: 344.99 kB

[32mΓ£ô built in 996ms[39m
node.exe : 
[33m[plugin 
builtin:vite-reporter] 
At C:\Program Files\nod
ejs\npm.ps1:29 char:3
+   & $NODE_EXE 
$NPM_CLI_JS $args
+   ~~~~~~~~~~~~~~~~~~~
~~~~~~~~~~
    + CategoryInfo     
         : NotSpecifi  
  ed: ([33m[plugin    
 builtin:vite-repor    
ter] :String) [],     
RemoteException
    + FullyQualifiedEr 
   rorId : NativeComm  
  andError
 
(!) Some chunks are 
larger than 500 kB 
after minification. 
Consider:
- Using dynamic 
import() to code-split 
the application
- Use build.rolldownOpt
ions.output.codeSplitti
ng to improve 
chunking: https://rolld
own.rs/reference/Output
Options.codeSplitting
- Adjust chunk size 
limit for this warning 
via build.chunkSizeWarn
ingLimit.[39m
